---
source: src/sweep/weak_ordering.rs
expression: "snapshot_outputs(segs, 0.1)"
---
[
  Output(
    order: SegmentOrder(
      segs: [
        SegmentOrderEntry(
          seg: SegIdx(7),
          exit: false,
          enter: true,
          needs_position: true,
          old_idx: Some(0),
        ),
        SegmentOrderEntry(
          seg: SegIdx(5),
          exit: false,
          enter: true,
          needs_position: true,
          old_idx: Some(1),
        ),
      ],
    ),
    changed: [
      ChangedInterval(
        segs: Range(
          start: 0,
          end: 2,
        ),
        horizontals: Some(Range(
          start: 0,
          end: 1,
        )),
      ),
    ],
  ),
  Output(
    order: SegmentOrder(
      segs: [
        SegmentOrderEntry(
          seg: SegIdx(7),
          exit: false,
          enter: false,
          needs_position: false,
          old_idx: None,
        ),
        SegmentOrderEntry(
          seg: SegIdx(3),
          exit: false,
          enter: true,
          needs_position: true,
          old_idx: Some(1),
        ),
        SegmentOrderEntry(
          seg: SegIdx(5),
          exit: false,
          enter: false,
          needs_position: false,
          old_idx: Some(2),
        ),
        SegmentOrderEntry(
          seg: SegIdx(1),
          exit: false,
          enter: true,
          needs_position: true,
          old_idx: Some(3),
        ),
      ],
    ),
    changed: [
      ChangedInterval(
        segs: Range(
          start: 1,
          end: 4,
        ),
        horizontals: Some(Range(
          start: 0,
          end: 1,
        )),
      ),
    ],
  ),
  Output(
    order: SegmentOrder(
      segs: [
        SegmentOrderEntry(
          seg: SegIdx(7),
          exit: true,
          enter: false,
          needs_position: true,
          old_idx: Some(0),
        ),
        SegmentOrderEntry(
          seg: SegIdx(3),
          exit: false,
          enter: false,
          needs_position: false,
          old_idx: Some(1),
        ),
        SegmentOrderEntry(
          seg: SegIdx(5),
          exit: true,
          enter: false,
          needs_position: true,
          old_idx: Some(2),
        ),
        SegmentOrderEntry(
          seg: SegIdx(1),
          exit: false,
          enter: false,
          needs_position: false,
          old_idx: None,
        ),
      ],
    ),
    changed: [
      ChangedInterval(
        segs: Range(
          start: 0,
          end: 3,
        ),
        horizontals: Some(Range(
          start: 0,
          end: 1,
        )),
      ),
    ],
  ),
  Output(
    order: SegmentOrder(
      segs: [
        SegmentOrderEntry(
          seg: SegIdx(3),
          exit: true,
          enter: false,
          needs_position: true,
          old_idx: Some(0),
        ),
        SegmentOrderEntry(
          seg: SegIdx(1),
          exit: true,
          enter: false,
          needs_position: true,
          old_idx: Some(1),
        ),
      ],
    ),
    changed: [
      ChangedInterval(
        segs: Range(
          start: 0,
          end: 2,
        ),
        horizontals: Some(Range(
          start: 0,
          end: 1,
        )),
      ),
    ],
  ),
]
