---
source: src/topology.rs
expression: "(top, contours)"
---
(Topology(
  shape_a: [
    true,
    true,
    true,
    true,
    false,
    false,
    false,
    false,
  ],
  open_segs: [
    [],
    [],
    [],
    [],
    [],
    [],
    [],
    [],
  ],
  winding: OutputSegVec(
    inner: [
      HalfSegmentWindingNumbers(
        counter_clockwise: WindingNumber(
          shape_a: -1,
          shape_b: 0,
        ),
        clockwise: WindingNumber(
          shape_a: 0,
          shape_b: 0,
        ),
      ),
      HalfSegmentWindingNumbers(
        counter_clockwise: WindingNumber(
          shape_a: 0,
          shape_b: 0,
        ),
        clockwise: WindingNumber(
          shape_a: -1,
          shape_b: 0,
        ),
      ),
      HalfSegmentWindingNumbers(
        counter_clockwise: WindingNumber(
          shape_a: 0,
          shape_b: 0,
        ),
        clockwise: WindingNumber(
          shape_a: -1,
          shape_b: 0,
        ),
      ),
      HalfSegmentWindingNumbers(
        counter_clockwise: WindingNumber(
          shape_a: -1,
          shape_b: -1,
        ),
        clockwise: WindingNumber(
          shape_a: -1,
          shape_b: 0,
        ),
      ),
      HalfSegmentWindingNumbers(
        counter_clockwise: WindingNumber(
          shape_a: -1,
          shape_b: 0,
        ),
        clockwise: WindingNumber(
          shape_a: -1,
          shape_b: -1,
        ),
      ),
      HalfSegmentWindingNumbers(
        counter_clockwise: WindingNumber(
          shape_a: -1,
          shape_b: 0,
        ),
        clockwise: WindingNumber(
          shape_a: -1,
          shape_b: -1,
        ),
      ),
      HalfSegmentWindingNumbers(
        counter_clockwise: WindingNumber(
          shape_a: -1,
          shape_b: -1,
        ),
        clockwise: WindingNumber(
          shape_a: -1,
          shape_b: 0,
        ),
      ),
      HalfSegmentWindingNumbers(
        counter_clockwise: WindingNumber(
          shape_a: -1,
          shape_b: 0,
        ),
        clockwise: WindingNumber(
          shape_a: 0,
          shape_b: 0,
        ),
      ),
    ],
  ),
  points: PointVec(
    inner: [
      Point(
        y: -2.0,
        x: -2.0,
      ),
      Point(
        y: -2.0,
        x: 2.0,
      ),
      Point(
        y: -1.0,
        x: -1.0,
      ),
      Point(
        y: -1.0,
        x: 1.0,
      ),
      Point(
        y: 1.0,
        x: -1.0,
      ),
      Point(
        y: 1.0,
        x: 1.0,
      ),
      Point(
        y: 2.0,
        x: -2.0,
      ),
      Point(
        y: 2.0,
        x: 2.0,
      ),
    ],
  ),
  point_idx: HalfOutputSegVec(
    start: [
      PointIdx(0),
      PointIdx(0),
      PointIdx(1),
      PointIdx(2),
      PointIdx(2),
      PointIdx(3),
      PointIdx(4),
      PointIdx(6),
    ],
    end: [
      PointIdx(6),
      PointIdx(1),
      PointIdx(7),
      PointIdx(4),
      PointIdx(3),
      PointIdx(5),
      PointIdx(5),
      PointIdx(7),
    ],
  ),
  point_neighbors: HalfOutputSegVec(
    start: [
      PointNeighbors(
        clockwise: HalfOutputSegIdx(
          idx: OutputSegIdx(1),
          first_half: true,
        ),
        counter_clockwise: HalfOutputSegIdx(
          idx: OutputSegIdx(1),
          first_half: true,
        ),
      ),
      PointNeighbors(
        clockwise: HalfOutputSegIdx(
          idx: OutputSegIdx(0),
          first_half: true,
        ),
        counter_clockwise: HalfOutputSegIdx(
          idx: OutputSegIdx(0),
          first_half: true,
        ),
      ),
      PointNeighbors(
        clockwise: HalfOutputSegIdx(
          idx: OutputSegIdx(1),
          first_half: false,
        ),
        counter_clockwise: HalfOutputSegIdx(
          idx: OutputSegIdx(1),
          first_half: false,
        ),
      ),
      PointNeighbors(
        clockwise: HalfOutputSegIdx(
          idx: OutputSegIdx(4),
          first_half: true,
        ),
        counter_clockwise: HalfOutputSegIdx(
          idx: OutputSegIdx(4),
          first_half: true,
        ),
      ),
      PointNeighbors(
        clockwise: HalfOutputSegIdx(
          idx: OutputSegIdx(3),
          first_half: true,
        ),
        counter_clockwise: HalfOutputSegIdx(
          idx: OutputSegIdx(3),
          first_half: true,
        ),
      ),
      PointNeighbors(
        clockwise: HalfOutputSegIdx(
          idx: OutputSegIdx(4),
          first_half: false,
        ),
        counter_clockwise: HalfOutputSegIdx(
          idx: OutputSegIdx(4),
          first_half: false,
        ),
      ),
      PointNeighbors(
        clockwise: HalfOutputSegIdx(
          idx: OutputSegIdx(3),
          first_half: false,
        ),
        counter_clockwise: HalfOutputSegIdx(
          idx: OutputSegIdx(3),
          first_half: false,
        ),
      ),
      PointNeighbors(
        clockwise: HalfOutputSegIdx(
          idx: OutputSegIdx(0),
          first_half: false,
        ),
        counter_clockwise: HalfOutputSegIdx(
          idx: OutputSegIdx(0),
          first_half: false,
        ),
      ),
    ],
    end: [
      PointNeighbors(
        clockwise: HalfOutputSegIdx(
          idx: OutputSegIdx(7),
          first_half: true,
        ),
        counter_clockwise: HalfOutputSegIdx(
          idx: OutputSegIdx(7),
          first_half: true,
        ),
      ),
      PointNeighbors(
        clockwise: HalfOutputSegIdx(
          idx: OutputSegIdx(2),
          first_half: true,
        ),
        counter_clockwise: HalfOutputSegIdx(
          idx: OutputSegIdx(2),
          first_half: true,
        ),
      ),
      PointNeighbors(
        clockwise: HalfOutputSegIdx(
          idx: OutputSegIdx(7),
          first_half: false,
        ),
        counter_clockwise: HalfOutputSegIdx(
          idx: OutputSegIdx(7),
          first_half: false,
        ),
      ),
      PointNeighbors(
        clockwise: HalfOutputSegIdx(
          idx: OutputSegIdx(6),
          first_half: true,
        ),
        counter_clockwise: HalfOutputSegIdx(
          idx: OutputSegIdx(6),
          first_half: true,
        ),
      ),
      PointNeighbors(
        clockwise: HalfOutputSegIdx(
          idx: OutputSegIdx(5),
          first_half: true,
        ),
        counter_clockwise: HalfOutputSegIdx(
          idx: OutputSegIdx(5),
          first_half: true,
        ),
      ),
      PointNeighbors(
        clockwise: HalfOutputSegIdx(
          idx: OutputSegIdx(6),
          first_half: false,
        ),
        counter_clockwise: HalfOutputSegIdx(
          idx: OutputSegIdx(6),
          first_half: false,
        ),
      ),
      PointNeighbors(
        clockwise: HalfOutputSegIdx(
          idx: OutputSegIdx(5),
          first_half: false,
        ),
        counter_clockwise: HalfOutputSegIdx(
          idx: OutputSegIdx(5),
          first_half: false,
        ),
      ),
      PointNeighbors(
        clockwise: HalfOutputSegIdx(
          idx: OutputSegIdx(2),
          first_half: false,
        ),
        counter_clockwise: HalfOutputSegIdx(
          idx: OutputSegIdx(2),
          first_half: false,
        ),
      ),
    ],
  ),
  deleted: OutputSegVec(
    inner: [
      false,
      false,
      false,
      false,
      false,
      false,
      false,
      false,
    ],
  ),
  scan_west: OutputSegVec(
    inner: [
      None,
      Some(OutputSegIdx(0)),
      Some(OutputSegIdx(0)),
      Some(OutputSegIdx(0)),
      Some(OutputSegIdx(3)),
      Some(OutputSegIdx(3)),
      Some(OutputSegIdx(0)),
      None,
    ],
  ),
  safe_intervals: OutputSegVec(
    inner: [
      Some((-2.0, 2.0)),
      None,
      Some((-2.0, 2.0)),
      Some((-1.0, 1.0)),
      None,
      Some((-1.0, 1.0)),
      None,
      None,
    ],
  ),
  orig_seg: OutputSegVec(
    inner: [
      SegIdx(3),
      SegIdx(0),
      SegIdx(1),
      SegIdx(7),
      SegIdx(4),
      SegIdx(5),
      SegIdx(6),
      SegIdx(2),
    ],
  ),
), Contours(
  contours: [
    Contour(
      points: [
        Point(
          y: 2.0,
          x: -2.0,
        ),
        Point(
          y: 2.0,
          x: 2.0,
        ),
        Point(
          y: -2.0,
          x: 2.0,
        ),
        Point(
          y: -2.0,
          x: -2.0,
        ),
      ],
      segs: [],
      parent: None,
      outer: true,
    ),
    Contour(
      points: [
        Point(
          y: -1.0,
          x: -1.0,
        ),
        Point(
          y: -1.0,
          x: 1.0,
        ),
        Point(
          y: 1.0,
          x: 1.0,
        ),
        Point(
          y: 1.0,
          x: -1.0,
        ),
      ],
      segs: [],
      parent: Some(ContourIdx(0)),
      outer: false,
    ),
  ],
))
