---
source: src/lib.rs
expression: output
---
Contours(
  contours: [
    Contour(
      path: BezPath([
        MoveTo(Point(
          x: 0.0,
          y: 0.0,
        )),
        CurveTo(Point(
          x: 0.0,
          y: 3.333333333333334,
        ), Point(
          x: 0.0,
          y: 6.666666666666667,
        ), Point(
          x: 0.0,
          y: 10.0,
        )),
        LineTo(Point(
          x: 10.0,
          y: 10.0,
        )),
        CurveTo(Point(
          x: 10.0,
          y: 7.0,
        ), Point(
          x: 10.000000000000002,
          y: 4.0,
        ), Point(
          x: 10.000000000000002,
          y: 1.0,
        )),
        CurveTo(Point(
          x: 10.000000000000002,
          y: 0.6666666666666666,
        ), Point(
          x: 10.0,
          y: 0.3333333333333333,
        ), Point(
          x: 10.0,
          y: 0.0,
        )),
        LineTo(Point(
          x: 0.0,
          y: 0.0,
        )),
        ClosePath,
      ]),
      parent: None,
      outer: true,
    ),
  ],
)
