---
source: src/lib.rs
expression: output
---
Contours(
  contours: [
    Contour(
      path: BezPath([
        MoveTo(Point(
          x: 0.0,
          y: 0.0,
        )),
        CurveTo(Point(
          x: 0.0,
          y: 0.16666666666666663,
        ), Point(
          x: 0.0,
          y: 0.33333333333333326,
        ), Point(
          x: 0.0,
          y: 0.5,
        )),
        LineTo(Point(
          x: 0.5,
          y: 0.5,
        )),
        CurveTo(Point(
          x: 0.5,
          y: 0.33333333333303017,
        ), Point(
          x: 0.5,
          y: 0.16666666666606034,
        ), Point(
          x: 0.5,
          y: 0.0,
        )),
        LineTo(Point(
          x: 0.0,
          y: 0.0,
        )),
        ClosePath,
      ]),
      parent: None,
      outer: true,
    ),
  ],
)
