---
source: src/lib.rs
expression: output
---
Contours(
  contours: [
    Contour(
      points: [
        Point(
          y: 0.0,
          x: 0.0,
        ),
        Point(
          y: 0.5,
          x: 0.0,
        ),
        Point(
          y: 0.5,
          x: 0.5,
        ),
        Point(
          y: 0.0,
          x: 0.5,
        ),
      ],
      segs: [
        HalfOutputSegIdx(
          idx: OutputSegIdx(3),
          first_half: false,
        ),
        HalfOutputSegIdx(
          idx: OutputSegIdx(10),
          first_half: false,
        ),
        HalfOutputSegIdx(
          idx: OutputSegIdx(5),
          first_half: true,
        ),
        HalfOutputSegIdx(
          idx: OutputSegIdx(4),
          first_half: true,
        ),
      ],
      parent: None,
      outer: true,
    ),
  ],
)
